// Jest Snapshot v1, https://goo.gl/fbAQLP

exports[`Header Component should render the header container with the Logo component as a children 1`] = `
<styled.header>
  <Logo />
</styled.header>
`;
