// Jest Snapshot v1, https://goo.gl/fbAQLP

exports[`PageTitle Component should render a h1 with a title passed by props 1`] = `
<styled.div>
  <h1>
    Arena Platform
  </h1>
</styled.div>
`;
